// Jest Snapshot v1, https://goo.gl/fbAQLP

exports[`App renders correctly 1`] = `
<body>
  <div>
    <div
      class="App"
    >
      <div
        class="MockView"
      >
        <h1>
          Mockview
        </h1>
        <section
          class="Control"
        >
          <input
            data-testid="serverUrlInput"
            id="serverUrlInput"
            type="text"
          />
          <button
            data-testid="fetchStubButton"
          >
            Fetch Stubs
          </button>
        </section>
        <section
          class="StubContainer"
        >
          <h1>
            No Stub items to display
          </h1>
        </section>
      </div>
    </div>
  </div>
</body>
`;
