// Jest Snapshot v1, https://goo.gl/fbAQLP

exports[`App renders correctly 1`] = `
<body>
  <div>
    <div>
      Mockview
    </div>
    <main
      class="Content"
    >
      <section
        class="mockview-form"
      >
        <div
          class="card"
        >
          <form>
            <div
              class="form-control"
            >
              <label
                for="urlInput"
              >
                Mockserver url
              </label>
              <input
                data-testid="urlInput"
                id="urlInput"
                type="text"
              />
            </div>
            <div
              class="mockview-form__actions"
            >
              <button
                data-testid="submitButton"
                type="submit"
              >
                Fetch Stubs
              </button>
            </div>
          </form>
        </div>
      </section>
      <section
        class="search"
      >
        <div
          class="card"
        >
          <div
            class="search-input"
          >
            <label>
              Filter by Title
            </label>
            <input
              data-testid="filterTextInput"
              id="filterTextInput"
              type="text"
              value=""
            />
          </div>
        </div>
      </section>
      <section
        class="stub-list"
      >
        <ul />
      </section>
    </main>
  </div>
</body>
`;
